actor 0 handled 205 messages, state sum 15510
actor 1 handled 205 messages, state sum 15115
actor 2 handled 205 messages, state sum 21770
actor 3 handled 205 messages, state sum 14925
actor 4 handled 205 messages, state sum 15130
actor 5 handled 205 messages, state sum 21485
total messages 1230 sum 103935
