runs at 0 10 30, then after freeing the 20-run: 10 32
word 0: ###############...............##
word 1: ................................
word 2: ................................
word 3: ................................
32-runs allocated: 8 (starts 0 32 ... 224)
concurrent overlaps: 0, bitmap empty: yes
