items 120 total lateness 0
tick  0 fired 5
tick  1 fired 1
tick  2 fired 2
tick  3 fired 4
tick  4 fired 1
tick  5 fired 3
tick  6 fired 4
tick  7 fired 3
tick  8 fired 3
tick  9 fired 2
tick 10 fired 7
tick 11 fired 6
tick 12 fired 2
tick 13 fired 5
tick 14 fired 10
tick 15 fired 4
tick 16 fired 4
tick 17 fired 7
tick 18 fired 7
tick 19 fired 7
tick 20 fired 5
tick 21 fired 3
tick 22 fired 2
tick 23 fired 4
tick 24 fired 4
tick 25 fired 4
tick 26 fired 1
tick 27 fired 2
tick 28 fired 6
tick 29 fired 2
