child 0: exited with status 0
child 1: exited with status 3
child 2: exited with status 255
child 3: killed by SIGTERM
child 4: killed by SIGKILL
child 5: killed by SIGUSR1
child 6: stopped by SIGSTOP
child 6: exited with status 21
child 7: killed by SIGHUP
waitpid with no children: ECHILD
statuses by logical id: 1 2 5 10 17 (sum 35)
