inside=506 total_iters=111620
hist <3:592 <8:1198 <30:230 <200:34 inside:506
                                
                    .....       
              ....#++#####.++   
        ...++++.+###########..  
   .....++#################+..  
         ....+..+###########+.  
                ..+.++##++...   
                    ...+.       
