n= 1 tasks=  1 solutions=1
n= 2 tasks=  2 solutions=0
n= 3 tasks=  3 solutions=0
n= 4 tasks=  4 solutions=2
n= 5 tasks=  5 solutions=10
n= 6 tasks= 36 solutions=4
n= 7 tasks= 76 solutions=40
n= 8 tasks=140 solutions=92
n= 9 tasks=234 solutions=352
n=10 tasks=364 solutions=724
n=11 tasks=536 solutions=2680
