n=2  comparators=1   depth=1 exhaustive_ok=1
n=4  comparators=5   depth=3 exhaustive_ok=1
n=8  comparators=19  depth=6 exhaustive_ok=1
n=16 comparators=63  depth=10 exhaustive_ok=1
n=8 network: (0,1) (2,3) (0,2) (1,3) (1,2) (4,5) (6,7) (4,6) (5,7) (5,6) (0,4) (2,6) (2,4) (1,5) (3,7) (3,5) (1,2) (3,4) (5,6)
applied to permutation: ok
