reachable cells: 206
farthest distance: 45
relaxation sweeps: 13
goal distance: 44
*##.#*******#.#...#.....
**#***#..#.*.#.#....#...
.*#*.##....*#...#.....#.
#*#*.#.#..#*****#.#.#.#.
.*#*....#.....#********#
.***...##.#...#..#...#*#
..#.#.#..#..#.##..#.#.*#
..#...#....#...##...#.**
#...##...##......#.#...*
.....###.#.......#...##*
.#....#....#.#....#...#*
.#....#.....##..#...##.*
dist  0.. 3: 5 cells
dist  4.. 7: 7 cells
dist  8..11: 23 cells
dist 12..15: 21 cells
dist 16..19: 8 cells
dist 20..23: 12 cells
dist 24..27: 13 cells
dist 28..31: 19 cells
dist 32..35: 48 cells
dist 36..39: 32 cells
dist 40..43: 16 cells
dist 44..47: 2 cells
