bit-sliced rule verified on 3000 random boards
glider generation 0 (population 5):
  .#......
  ..#.....
  ###.....
  ........
  ........
  ........
  ........
  ........
glider returns to its start after 32 generations on the 8x8 torus
blinker phase 1:
  ....#...
  ....#...
  ....#...
  ........
  ........
  ........
  ........
  ........
soup 0: enters a cycle of length 2 after 26 generations, peak population 32, final population 3
soup 1: enters a cycle of length 1 after 35 generations, peak population 30, final population 6
soup 2: enters a cycle of length 1 after 14 generations, peak population 28, final population 0
soup 3: enters a cycle of length 1 after 48 generations, peak population 31, final population 0
soup 4: enters a cycle of length 1 after 16 generations, peak population 32, final population 0
