undirected union of triangles: circuit with 12 edges from 0: 0 1 7 0 5 10 0 10 7 0 9 10 0
undirected with two odd vertices: path with 11 edges from 0: 0 1 2 3 4 5 6 0 8 9 3 10
directed de Bruijn B(2,3): circuit with 16 edges from 0: 0 0 1 2 4 1 3 6 5 2 5 3 7 7 6 4 0
directed closed walks: circuit with 24 edges from 0: 0 5 4 0 4 4 4 6 0 6 2 4 4 3 0 6 5 3 5 0 5 1 6 1 0
directed with path: path with 7 edges from 2: 2 0 1 2 3 4 2 5
undirected star (K1,4): no Eulerian path
