n=1     found=1     fib_cmps=7       bin_cmps=7
n=2     found=2     fib_cmps=20      bin_cmps=20
n=3     found=3     fib_cmps=38      bin_cmps=29
n=4     found=4     fib_cmps=52      bin_cmps=46
n=5     found=5     fib_cmps=73      bin_cmps=61
n=8     found=8     fib_cmps=132     bin_cmps=110
n=13    found=13    fib_cmps=242     bin_cmps=205
n=21    found=21    fib_cmps=437     bin_cmps=381
n=22    found=22    fib_cmps=481     bin_cmps=404
n=100   found=100   fib_cmps=2973    bin_cmps=2622
n=233   found=233   fib_cmps=7892    bin_cmps=7169
n=1000  found=1000  fib_cmps=43833   bin_cmps=38950
n=2584  found=2584  fib_cmps=124328  bin_cmps=115454
n=3000  found=3000  fib_cmps=149060  bin_cmps=136670
