case 1: unique=30 strict=7 with_collinear=7 area2=16692
case 2: unique=200 strict=13 with_collinear=13 area2=1886211
case 3: unique=47 strict=5 with_collinear=17 area2=96
case 4: unique=271 strict=5 with_collinear=46 area2=721
case 5: unique=3 strict=3 with_collinear=3 area2=2
line: strict=2 collinear=6
total hull vertices 33
