n=1      random    worst comparisons over 5 ranks=0       per element=0.0
n=1      ascending worst comparisons over 5 ranks=0       per element=0.0
n=1      descending worst comparisons over 5 ranks=0       per element=0.0
n=5      random    worst comparisons over 5 ranks=5       per element=1.0
n=5      ascending worst comparisons over 5 ranks=4       per element=0.8
n=5      descending worst comparisons over 5 ranks=10      per element=2.0
n=6      random    worst comparisons over 5 ranks=18      per element=3.0
n=6      ascending worst comparisons over 5 ranks=18      per element=3.0
n=6      descending worst comparisons over 5 ranks=19      per element=3.2
n=26     random    worst comparisons over 5 ranks=135     per element=5.2
n=26     ascending worst comparisons over 5 ranks=139     per element=5.3
n=26     descending worst comparisons over 5 ranks=140     per element=5.4
n=100    random    worst comparisons over 5 ranks=612     per element=6.1
n=100    ascending worst comparisons over 5 ranks=549     per element=5.5
n=100    descending worst comparisons over 5 ranks=740     per element=7.4
n=1000   random    worst comparisons over 5 ranks=7541    per element=7.5
n=1000   ascending worst comparisons over 5 ranks=6589    per element=6.6
n=1000   descending worst comparisons over 5 ranks=8204    per element=8.2
n=10000  random    worst comparisons over 5 ranks=80998   per element=8.1
n=10000  ascending worst comparisons over 5 ranks=68584   per element=6.9
n=10000  descending worst comparisons over 5 ranks=94583   per element=9.5
