abcdefghij   hits=0     horspool=3786 sunday=3613 brute=31153
aaaaab       hits=488   horspool=20414 sunday=39778 brute=58878
abracadabra  hits=8     horspool=3348 sunday=3111 brute=31322
zzzz         hits=0     horspool=8066 sunday=6433 brute=31188
the          hits=8     horspool=12527 sunday=8832 brute=30014
ab           hits=7519  horspool=29999 sunday=32459 brute=44998
