*.c                  main.c     match (backtracks 4)
*.c                  main.h     no match (backtracks 6)
m??n.c               main.c     match (backtracks 0)
a*b*c                aXXbYYc    match (backtracks 4)
a*b*c                aXXbYY     no match (backtracks 4)
[abc]x               bx         match (backtracks 0)
[!abc]x              bx         no match (backtracks 0)
[a-f]*               dog        match (backtracks 2)
[a-f]*               zebra      no match (backtracks 0)
file[0-9][0-9].txt   file42.txt match (backtracks 0)
\*star               *star      match (backtracks 0)
\*star               xstar      no match (backtracks 0)
***                             match (backtracks 0)
                                match (backtracks 0)
                     x          no match (backtracks 0)
*a                   ba         match (backtracks 1)
*a                   ab         no match (backtracks 2)
[]]x                 ]x         match (backtracks 0)
a[-b]c               a-c        match (backtracks 0)
*ab*ab*ab            abababab   match (backtracks 2)
*x*y*z               xyzxyz     match (backtracks 3)
*x*y*z               zyx        no match (backtracks 2)
fuzz agree=4000 matched=637, known-case backtracks=30
pathological no-match backtracks: 280
