states: 21
what the heck, darn it, frickin dang rat
what the ****, **** it, *****in **** *** (20 masked)
clean sentence with nothing bad
clean sentence with nothing bad (0 masked)
ratrat darndarn hecking
****** ******** ****ing (18 masked)
cracker jack
cra**er ja** (4 masked)
fuzz total masked: 111
