objects allocated: 715, collections: 14
holes visited: 85, granules abandoned at hole tails: 115
live lines summed over collections: 249, fully free blocks summed: 37
live at end: 15 objects, 50 granules of 384
line map after the final collection (# object start, + continuation, . free):
  block 0: ..####+...#+....
  block 1: #+#+.####+#.....
  block 2: ................
  block 3: ................
  block 4: ................
  block 5: ..#+............
oracle checks: 14
