request 0 (617 bytes) -> 200 parts=3
request 1 (109 bytes) -> 200 parts=1
request 2 (592 bytes) -> 400 bad multipart
req 0 part 0: name=title file=- type=- len=11 crc=0d4a1185
req 0 part 1: name=empty file=- type=- len=0 crc=00000000
req 0 part 2: name=upload file=blob.bin type=application/octet-stream len=300 crc=a85f3aee
req 1 part 0: name=title file=- type=- len=11 crc=0d4a1185
