::                                         -> ::
::1                                        -> ::1
1::                                        -> 1::
2001:db8::1                                -> 2001:db8::1
2001:0DB8:0000:0000:0000:0000:0000:0001    -> 2001:db8::1
2001:db8:0:0:1:0:0:1                       -> 2001:db8::1:0:0:1
2001:0:0:1:0:0:0:1                         -> 2001:0:0:1::1
2001:db8:0:1:1:1:1:1                       -> 2001:db8:0:1:1:1:1:1
1:2:3:4:5:6:7::                            -> 1:2:3:4:5:6:7:0
::2:3:4:5:6:7:8                            -> 0:2:3:4:5:6:7:8
1:0:0:2:0:0:3:4                            -> 1::2:0:0:3:4
::ffff:192.0.2.128                         -> ::ffff:c000:280
64:ff9b::198.51.100.7                      -> 64:ff9b::c633:6407
FE80::A:B                                  -> fe80::a:b
0:0:0:0:0:0:0:0                            -> ::
1:0:0:0:0:0:0:8                            -> 1::8
0:0:1:0:0:0:0:0                            -> 0:0:1::
rejected 18 malformed strings
random addresses with :: compression: 4854 of 5000, longest text 36 chars
