  t=  0 client 0 DISCOVER: offer .100
  t=  1 client 0 REQUEST .100: ACK, lease until 101
  t=  4 client 1 DISCOVER: offer .101
  t=  5 client 1 REQUEST .101: ACK, lease until 105
  t=  8 client 2 DISCOVER: offer .102
  t=  9 client 2 REQUEST .102: ACK, lease until 109
  t= 12 client 3 DISCOVER: offer .103
  t= 12 client 3 DECLINE .103 (address conflict), quarantined until 72
  t= 14 client 3 DISCOVER: offer .104
  t= 15 client 3 REQUEST .104: ACK, lease until 115
  t= 16 client 4 DISCOVER: no free address, retry in 40
  t= 20 client 5 DISCOVER: no free address, retry in 40
  t= 24 client 6 DISCOVER: no free address, retry in 40
  t= 28 client 7 DISCOVER: no free address, retry in 40
  t= 56 client 4 DISCOVER: no free address, retry in 40
  t= 60 client 2 vanishes without releasing
  t= 60 client 5 DISCOVER: no free address, retry in 40
  t= 64 client 6 DISCOVER: no free address, retry in 40
  t= 68 client 7 DISCOVER: no free address, retry in 40
  t= 90 client 1 RELEASE .101
  t= 96 client 4 DISCOVER: offer .103
  t= 97 client 4 REQUEST .103: ACK, lease until 197
  t=100 client 5 DISCOVER: offer .101
  t=101 client 5 REQUEST .101: ACK, lease until 201
  t=104 client 6 DISCOVER: no free address, retry in 40
  t=108 client 7 DISCOVER: no free address, retry in 40
  t=130 client 0 reboots, INIT-REBOOT for .100
  t=130 client 0 REQUEST .100: ACK, lease until 230
  t=144 client 6 DISCOVER: no free address, retry in 40
  t=148 client 7 DISCOVER: no free address, retry in 40
  t=150 client 4 RELEASE .103
  t=165 lease .102 of client 2 expired
  t=180 client 2 reboots, INIT-REBOOT for .102
  t=180 client 2 REQUEST .102: ACK, lease until 280
  t=184 client 6 DISCOVER: offer .103
  t=188 client 7 DISCOVER: no free address, retry in 40
  t=199 client 6 REQUEST .103: NAK, restarting discovery
  t=200 client 6 DISCOVER: offer .103
  t=201 client 6 REQUEST .103: ACK, lease until 301
  t=228 client 7 DISCOVER: no free address, retry in 40
  t=260 client 1 DISCOVER: no free address, retry in 40
  t=268 client 7 DISCOVER: no free address, retry in 40
  t=300 client 1 DISCOVER: no free address, retry in 40
offers=9 acks=28 naks=1 noaddr=17 renewals=19 expired=1 released=2 declined=1 sticky=1 reused=3
