t=   100 ip4 NONE       -> INCOMPLETE
t=   500 ip5 NONE       -> INCOMPLETE
t=   503 ip5 INCOMPLETE -> REACHABLE
t=   917 ip7 NONE       -> INCOMPLETE
t=  1600 ip4 INCOMPLETE -> REACHABLE
t=  3917 ip7 INCOMPLETE -> FAILED
t=  5171 ip3 NONE       -> INCOMPLETE
t=  8171 ip3 INCOMPLETE -> FAILED
t= 23917 ip7 FAILED     -> NONE
t= 25386 ip2 NONE       -> INCOMPLETE
t= 25389 ip2 INCOMPLETE -> REACHABLE
t= 28171 ip3 FAILED     -> NONE
t= 30503 ip5 REACHABLE  -> STALE
t= 31600 ip4 REACHABLE  -> STALE
t= 35001 ip6 NONE       -> INCOMPLETE
t= 35004 ip6 INCOMPLETE -> REACHABLE
t= 38699 ip4 STALE      -> DELAY
t= 41000 ip5 gratuitous ARP: mac now 50
t= 41100 ip5 STALE      -> DELAY
t= 43699 ip4 DELAY      -> PROBE
t= 45199 ip4 PROBE      -> REACHABLE
t= 46100 ip5 DELAY      -> PROBE
t= 46103 ip5 PROBE      -> REACHABLE
t= 52264 ip7 NONE       -> INCOMPLETE
t= 55264 ip7 INCOMPLETE -> FAILED
t= 55389 ip2 REACHABLE  -> STALE
t= 62446 ip2 STALE      -> DELAY
t= 63960 ip3 NONE       -> INCOMPLETE
t= 65004 ip6 REACHABLE  -> STALE
t= 66960 ip3 INCOMPLETE -> FAILED
t= 67446 ip2 DELAY      -> PROBE
t= 67449 ip2 PROBE      -> REACHABLE
t= 75199 ip4 REACHABLE  -> STALE
t= 75264 ip7 FAILED     -> NONE
t= 76103 ip5 REACHABLE  -> STALE
t= 77052 ip6 STALE      -> DELAY
t= 77672 ip4 STALE      -> DELAY
t= 82052 ip6 DELAY      -> PROBE
t= 82672 ip4 DELAY      -> PROBE
t= 84172 ip4 PROBE      -> REACHABLE
t= 85052 ip6 PROBE      -> NONE
t= 85760 ip6 NONE       -> INCOMPLETE
t= 86960 ip3 FAILED     -> NONE
t= 87344 ip7 NONE       -> INCOMPLETE
t= 88760 ip6 INCOMPLETE -> FAILED
t= 90127 ip3 NONE       -> INCOMPLETE
t= 90344 ip7 INCOMPLETE -> FAILED
t= 93127 ip3 INCOMPLETE -> FAILED
t= 97449 ip2 REACHABLE  -> STALE
t=100401 ip2 STALE      -> DELAY
t=105401 ip2 DELAY      -> PROBE
t=105404 ip2 PROBE      -> REACHABLE
t=108760 ip6 FAILED     -> NONE
t=110344 ip7 FAILED     -> NONE
t=113127 ip3 FAILED     -> NONE
t=114172 ip4 REACHABLE  -> STALE
t=135404 ip2 REACHABLE  -> STALE
tx ok=28 (first use of stale entry=6) queued=16 dropped: queue-full=2 failed=22
arp requests=26 unicast probes=10 replies=21
