120 clients, server accepts 4 attempts per tick, all start at t=0
strategy      makespan  attempts  rejected retry-peak peak>2*cap  median
fixed(16)          464      1860      1740    116         27     240
exponential       5886      1860      1740    116         27    2302
full jitter         77       543       423     72         13      15
equal jitter        55       523       403     62         14      18
decorrelated        58       427       307     31         14      16
fewest attempts: decorrelated (427)
