lap 0: token value 741e132a
lap 1: token value 2b9c000d
lap 2: token value b81f76b0
lap 3: token value 644a2713
lap 4: token value 86b9c136
node 1 forwarded 5 tokens
node 2 forwarded 5 tokens
node 3 forwarded 5 tokens
node 4 forwarded 5 tokens
node 5 forwarded 5 tokens
stop token travelled the whole ring: yes
