t=0     alice  /data  -> 200 remaining=4 retry_after=-(-ms)
t=0     alice  /data  -> 200 remaining=3 retry_after=-(-ms)
t=0     alice  /data  -> 200 remaining=2 retry_after=-(-ms)
t=0     alice  /data  -> 200 remaining=1 retry_after=-(-ms)
t=0     alice  /data  -> 200 remaining=0 retry_after=-(-ms)
t=0     alice  /data  -> 429 remaining=0 retry_after=1(200ms)
t=100   alice  /data  -> 429 remaining=0 retry_after=1(100ms)
t=200   alice  /data  -> 200 remaining=0 retry_after=-(-ms)
t=200   alice  /data  -> 429 remaining=0 retry_after=1(200ms)
t=50    bob    /data  -> 200 remaining=4 retry_after=-(-ms)
t=50    bob    /heavy -> 200 remaining=1 retry_after=-(-ms)
t=50    bob    /heavy -> 429 remaining=1 retry_after=1(400ms)
t=50    bob    /heavy -> 429 remaining=1 retry_after=1(400ms)
t=900   alice  /heavy -> 200 remaining=0 retry_after=-(-ms)
t=900   alice  /heavy -> 429 remaining=0 retry_after=1(500ms)
t=1500  alice  /heavy -> 200 remaining=0 retry_after=-(-ms)
t=400   alice  /data  -> 429 remaining=0 retry_after=1(100ms)
t=5000  bob    /data  -> 200 remaining=4 retry_after=-(-ms)
t=5000  bob    /data  -> 200 remaining=3 retry_after=-(-ms)
t=5000  bob    /heavy -> 200 remaining=0 retry_after=-(-ms)
t=5000  bob    /heavy -> 429 remaining=0 retry_after=1(600ms)
t=5001  bob    /data  -> 429 remaining=0 retry_after=1(199ms)
t=5001  banned /data  -> 401 remaining=- retry_after=-(-ms)
allowed=13 limited=9 rejected=1 (matches GCRA model)
