|A|=239 |B|=10 merged=245 dups=4 | height insert=16 array=8 vine=8 | cmps insert=106 array=226 vine=230
|A|=10 |B|=234 merged=238 dups=6 | height insert=62 array=8 vine=8 | cmps insert=4850 array=191 vine=197
|A|=168 |B|=173 merged=301 dups=40 | height insert=20 array=9 vine=9 | cmps insert=1697 array=300 vine=340
|A|=0 |B|=138 merged=138 dups=0 | height insert=138 array=8 vine=8 | cmps insert=9453 array=0 vine=0
|A|=139 |B|=0 merged=139 dups=0 | height insert=15 array=8 vine=8 | cmps insert=0 array=0 vine=0
|A|=61 |B|=63 merged=119 dups=5 | height insert=13 array=7 vine=7 | cmps insert=454 array=117 vine=122
