n=50: level1 tries=1 level2 tries=38 total second-level slots=92 (1.84 per key) nonmember queries=20000
n=500: level1 tries=1 level2 tries=370 total second-level slots=1014 (2.03 per key) nonmember queries=20000
n=3000: level1 tries=1 level2 tries=2190 total second-level slots=6028 (2.01 per key) nonmember queries=20000
