2 2 3
2 b is a long name that will not fit inline anywhere
2 b is a long name that will not fit inline anywhere
1 p0 is a long name that will not fit inline anywhere
2 9
end
drop p0 is a long name that will not fit inline anywhere
drop p0 is a long name that will not fit inline anywhere
drop p1 is a long name that will not fit inline anywhere
drop p2 is a long name that will not fit inline anywhere
