-   *              abc       -> match
-   *              (empty)   -> match
-   a*c            abbbc     -> match
-   a*c            ab        -> no
-   a?c            abc       -> match
-   a?c            ac        -> no
-   [abc]x         bx        -> match
-   [a-c]x         dx        -> no
-   [!a-c]x        dx        -> match
-   []a]x          ]x        -> match
-   [[:digit:]]*   7up       -> match
-   [[:alpha:]]*   7up       -> no
-   [[:upper:]][[:lower:]] Ab        -> match
-   a\*b           a*b       -> match
-   a\*b           axb       -> no
E   a\*b           a\xb      -> match
E   a\*b           a*b       -> no
-   *              a/b       -> match
P   *              a/b       -> no
-   a?b            a/b       -> match
P   a?b            a/b       -> no
P   a[/]b          a/b       -> no
P   */*            a/b       -> match
P   */*            a/b/c     -> no
P   */*/*          a/b/c     -> match
-   *              .hidden   -> match
D   *              .hidden   -> no
D   .*             .hidden   -> match
D   ?hidden        .hidden   -> no
D   [.]hidden      .hidden   -> no
D   a/*            a/.x      -> match
PD  a/*            a/.x      -> no
PD  a/.*           a/.x      -> match
PD  *.c            main.c    -> match
P   *.c            dir/main.c -> no
P   */*.c          dir/main.c -> match
P   **             a/b       -> no
P   **             ab        -> match
-   a*b*c          aXbYbZc   -> match
-   a*b*c          aXbYbZ    -> no
-   (empty)        (empty)   -> match
-   (empty)        a         -> no
-   ???            abc       -> match
-   ???            ab        -> no
fuzz: 6000 patterns x 4 flag sets agree with libc; matches none=365 pathname=245 period=314 both=208
