{
  "name": "iron-server",
  "debug": true,
  "server": {
    "host": "127.0.0.1",
    "port": 8080,
    "ratio": 0.75,
    "banner": "  hello; not a comment  ",
    "tls": {
      "enabled": false,
      "cert": null
    },
    "workers": 4,
    "version": "1.2.3"
  },
  "db": {
    "pool": {
      "limits": {
        "min": 2,
        "max": -1
      }
    }
  }
}
warnings: 2
