after storing 5 blobs      pages=15 free_chain=0 file=1920 bytes
blob 0:  50 bytes in 1 pages, first page 1
blob 1: 300 bytes in 3 pages, first page 2
blob 2: 700 bytes in 7 pages, first page 5
blob 3:   1 bytes in 1 pages, first page 12
blob 4: 200 bytes in 2 pages, first page 13
after freeing blobs 1,3    pages=15 free_chain=4 file=1920 bytes
after storing 500 bytes    pages=16 free_chain=0 file=2048 bytes
file grew by 1 pages
integrity scan: 16 pages, 0 bad
corrupted live page 1: read error code 1
scan flags page 1
last page after truncation: read code 2, previous page code 0
