P2 file 940 bytes, P5 file 265 bytes
bucket 0:  13 ###
bucket 1:  24 ######
bucket 2:  36 #########
bucket 3:  24 ######
bucket 4:  20 #####
bucket 5:  69 #################
bucket 6:  54 #############
bucket 7:  12 ###
     .:.::--=====+++*
   ..::::----=+++*+*#
   ..:::%####==+***#*
 ...:::%%%%###++***##
....::%%#%####*****##
.:::-:%######*#***###
.::---#%%######*###%%
.::---%#####****##%%%
::---=%#####***###%%@
:---===###****##%%%@@
--=-===+#*****#%%%%@@
---==+++***###%%%@@@@
16-bit file 504 bytes; 4-bit round trip max error 8
P4 payload 36 bytes (3 per row, 3 padding bits), dark pixels 97
