lines=  0 trailing=1 tail -n   1: offset     0,   0 lines
lines=  0 trailing=1 tail -n   3: offset     0,   0 lines
lines=  0 trailing=1 tail -n  10: offset     0,   0 lines
lines=  0 trailing=1 tail -n 600: offset     0,   0 lines
lines=  1 trailing=0 tail -n   1: offset     0,   1 lines (1..1)
lines=  1 trailing=0 tail -n   3: offset     0,   1 lines (1..1)
lines=  1 trailing=0 tail -n  10: offset     0,   1 lines (1..1)
lines=  1 trailing=0 tail -n 600: offset     0,   1 lines (1..1)
lines=  1 trailing=1 tail -n   1: offset     0,   1 lines (1..1)
lines=  1 trailing=1 tail -n   3: offset     0,   1 lines (1..1)
lines=  1 trailing=1 tail -n  10: offset     0,   1 lines (1..1)
lines=  1 trailing=1 tail -n 600: offset     0,   1 lines (1..1)
lines=  5 trailing=0 tail -n   1: offset    79,   1 lines (5..5)
lines=  5 trailing=0 tail -n   3: offset    37,   3 lines (3..5)
lines=  5 trailing=0 tail -n  10: offset     0,   5 lines (1..5)
lines=  5 trailing=0 tail -n 600: offset     0,   5 lines (1..5)
lines=  5 trailing=1 tail -n   1: offset    79,   1 lines (5..5)
lines=  5 trailing=1 tail -n   3: offset    37,   3 lines (3..5)
lines=  5 trailing=1 tail -n  10: offset     0,   5 lines (1..5)
lines=  5 trailing=1 tail -n 600: offset     0,   5 lines (1..5)
lines= 50 trailing=0 tail -n   1: offset   980,   1 lines (50..50)
lines= 50 trailing=0 tail -n   3: offset   927,   3 lines (48..50)
lines= 50 trailing=0 tail -n  10: offset   801,  10 lines (41..50)
lines= 50 trailing=0 tail -n 600: offset     0,  50 lines (1..50)
lines= 50 trailing=1 tail -n   1: offset   980,   1 lines (50..50)
lines= 50 trailing=1 tail -n   3: offset   927,   3 lines (48..50)
lines= 50 trailing=1 tail -n  10: offset   801,  10 lines (41..50)
lines= 50 trailing=1 tail -n 600: offset     0,  50 lines (1..50)
lines=500 trailing=0 tail -n   1: offset 10388,   1 lines (500..500)
lines=500 trailing=0 tail -n   3: offset 10335,   3 lines (498..500)
lines=500 trailing=0 tail -n  10: offset 10186,  10 lines (491..500)
lines=500 trailing=0 tail -n 600: offset     0, 500 lines (1..500)
lines=500 trailing=1 tail -n   1: offset 10388,   1 lines (500..500)
lines=500 trailing=1 tail -n   3: offset 10335,   3 lines (498..500)
lines=500 trailing=1 tail -n  10: offset 10186,  10 lines (491..500)
lines=500 trailing=1 tail -n 600: offset     0, 500 lines (1..500)
